Script started on 2023-09-01 22:34:34+05:30 [TERM="xterm-256color" TTY="/dev/pts/0" COLUMNS="168" LINES="43"]
[?2004h]0;keshavgarg@TIGER01532: ~[01;32mkeshavgarg@TIGER01532[00m:[01;34m~[00m$ git
[?2004lusage: git [--version] [--help] [-C <path>] [-c <name>=<value>]
           [--exec-path[=<path>]] [--html-path] [--man-path] [--info-path]
           [-p | --paginate | -P | --no-pager] [--no-replace-objects] [--bare]
           [--git-dir=<path>] [--work-tree=<path>] [--namespace=<name>]
           [--super-prefix=<path>] [--config-env=<name>=<envvar>]
           <command> [<args>]

These are common Git commands used in various situations:

start a working area (see also: git help tutorial)
   clone     Clone a repository into a new directory
   init      Create an empty Git repository or reinitialize an existing one

work on the current change (see also: git help everyday)
   add       Add file contents to the index
   mv        Move or rename a file, a directory, or a symlink
   restore   Restore working tree files
   rm        Remove files from the working tree and from the index

examine the history and state (see also: git help revisions)
   bisect    Use binary search to find the commit that introduced a bug
   diff      Show changes between commits, commit and working tree, etc
   grep      Print lines matching a pattern
   log       Show commit logs
   show      Show various types of objects
   status    Show the working tree status

grow, mark and tweak your common history
   branch    List, create, or delete branches
   commit    Record changes to the repository
   merge     Join two or more development histories together
   rebase    Reapply commits on top of another base tip
   reset     Reset current HEAD to the specified state
   switch    Switch branches
   tag       Create, list, delete or verify a tag object signed with GPG

collaborate (see also: git help workflows)
   fetch     Download objects and refs from another repository
   pull      Fetch from and integrate with another repository or a local branch
   push      Update remote refs along with associated objects

'git help -a' and 'git help -g' list available subcommands and some
concept guides. See 'git help <command>' or 'git help <concept>'
to read about a specific subcommand or concept.
See 'git help git' for an overview of the system.
[?2004h]0;keshavgarg@TIGER01532: ~[01;32mkeshavgarg@TIGER01532[00m:[01;34m~[00m$ git --version
[?2004lgit version 2.34.1
[?2004h]0;keshavgarg@TIGER01532: ~[01;32mkeshavgarg@TIGER01532[00m:[01;34m~[00m$ git --help4[K
[?2004lusage: git [--version] [--help] [-C <path>] [-c <name>=<value>]
           [--exec-path[=<path>]] [--html-path] [--man-path] [--info-path]
           [-p | --paginate | -P | --no-pager] [--no-replace-objects] [--bare]
           [--git-dir=<path>] [--work-tree=<path>] [--namespace=<name>]
           [--super-prefix=<path>] [--config-env=<name>=<envvar>]
           <command> [<args>]

These are common Git commands used in various situations:

start a working area (see also: git help tutorial)
   clone     Clone a repository into a new directory
   init      Create an empty Git repository or reinitialize an existing one

work on the current change (see also: git help everyday)
   add       Add file contents to the index
   mv        Move or rename a file, a directory, or a symlink
   restore   Restore working tree files
   rm        Remove files from the working tree and from the index

examine the history and state (see also: git help revisions)
   bisect    Use binary search to find the commit that introduced a bug
   diff      Show changes between commits, commit and working tree, etc
   grep      Print lines matching a pattern
   log       Show commit logs
   show      Show various types of objects
   status    Show the working tree status

grow, mark and tweak your common history
   branch    List, create, or delete branches
   commit    Record changes to the repository
   merge     Join two or more development histories together
   rebase    Reapply commits on top of another base tip
   reset     Reset current HEAD to the specified state
   switch    Switch branches
   tag       Create, list, delete or verify a tag object signed with GPG

collaborate (see also: git help workflows)
   fetch     Download objects and refs from another repository
   pull      Fetch from and integrate with another repository or a local branch
   push      Update remote refs along with associated objects

'git help -a' and 'git help -g' list available subcommands and some
concept guides. See 'git help <command>' or 'git help <concept>'
to read about a specific subcommand or concept.
See 'git help git' for an overview of the system.
[?2004h]0;keshavgarg@TIGER01532: ~[01;32mkeshavgarg@TIGER01532[00m:[01;34m~[00m$ git status
[?2004lfatal: not a git repository (or any of the parent directories): .git
[?2004h]0;keshavgarg@TIGER01532: ~[01;32mkeshavgarg@TIGER01532[00m:[01;34m~[00m$ cd Tq[KAMLEP-Assignment-1/
[?2004l[?2004h]0;keshavgarg@TIGER01532: ~/TAMLEP-Assignment-1[01;32mkeshavgarg@TIGER01532[00m:[01;34m~/TAMLEP-Assignment-1[00m$ git status
[?2004lOn branch main
Your branch is up to date with 'origin/main'.

Untracked files:
  (use "git add <file>..." to include in what will be committed)
	[31massignment-1-1/[m

nothing added to commit but untracked files present (use "git add" to track)
[?2004h]0;keshavgarg@TIGER01532: ~/TAMLEP-Assignment-1[01;32mkeshavgarg@TIGER01532[00m:[01;34m~/TAMLEP-Assignment-1[00m$ cd ..
[?2004l[?2004h]0;keshavgarg@TIGER01532: ~[01;32mkeshavgarg@TIGER01532[00m:[01;34m~[00m$ ls
[?2004l[0m[01;34mTAMLEP-Assignment-1[0m  [01;34massign-1-unix-git-conda-tutorial[0m
[?2004h]0;keshavgarg@TIGER01532: ~[01;32mkeshavgarg@TIGER01532[00m:[01;34m~[00m$ rm -rf assign-1-unix-git-conda-tutorial/
[?2004l[?2004h]0;keshavgarg@TIGER01532: ~[01;32mkeshavgarg@TIGER01532[00m:[01;34m~[00m$ git@github.com:keshav-garg-tiger/assign-1-unix-git-conda-tutorial.git[C[C[C[C[C[C[C[C[C[C[C[C[C[C[C[C[C[C[C[C[C[C[C[C[C[29Prm -rf assign-1-unix-git-conda-tutorial/[C[C[C[C[C[C[C[C[C[C[C[C[C[C[C[C[C[C[C[C[C[C[C[C[Cls[K
[?2004l[0m[01;34mTAMLEP-Assignment-1[0m
[?2004h]0;keshavgarg@TIGER01532: ~[01;32mkeshavgarg@TIGER01532[00m:[01;34m~[00m$ git clone git@github.com:keshav-garg-tiger/assign-1-unix-git-conda-tutorial.git
[?2004lCloning into 'assign-1-unix-git-conda-tutorial'...
remote: Enumerating objects: 3, done.[K
remote: Counting objects:  33% (1/3)[Kremote: Counting objects:  66% (2/3)[Kremote: Counting objects: 100% (3/3)[Kremote: Counting objects: 100% (3/3), done.[K
remote: Total 3 (delta 0), reused 0 (delta 0), pack-reused 0[K
Receiving objects:  33% (1/3)Receiving objects:  66% (2/3)Receiving objects: 100% (3/3)Receiving objects: 100% (3/3), done.
[?2004h]0;keshavgarg@TIGER01532: ~[01;32mkeshavgarg@TIGER01532[00m:[01;34m~[00m$ git config --list --show-origin
[?2004l[?1h=[K[?1l>[?2004h]0;keshavgarg@TIGER01532: ~[01;32mkeshavgarg@TIGER01532[00m:[01;34m~[00m$ git config --list --show-origin[K[K[K[K[K[K[K[K[K[K[K[K[K[K[Kt
[?2004l[?1h=[K[?1l>[?2004h]0;keshavgarg@TIGER01532: ~[01;32mkeshavgarg@TIGER01532[00m:[01;34m~[00m$ git cof[Knfig
[?2004lusage: git config [<options>]

Config file location
    --global              use global config file
    --system              use system config file
    --local               use repository config file
    --worktree            use per-worktree config file
    -f, --file <file>     use given config file
    --blob <blob-id>      read config from given blob object

Action
    --get                 get value: name [value-pattern]
    --get-all             get all values: key [value-pattern]
    --get-regexp          get values for regexp: name-regex [value-pattern]
    --get-urlmatch        get value specific for the URL: section[.var] URL
    --replace-all         replace all matching variables: name value [value-pattern]
    --add                 add a new variable: name value
    --unset               remove a variable: name [value-pattern]
    --unset-all           remove all matches: name [value-pattern]
    --rename-section      rename section: old-name new-name
    --remove-section      remove a section: name
    -l, --list            list all
    --fixed-value         use string equality when comparing values to 'value-pattern'
    -e, --edit            open an editor
    --get-color           find the color configured: slot [default]
    --get-colorbool       find the color setting: slot [stdout-is-tty]

Type
    -t, --type <>         value is given this type
    --bool                value is "true" or "false"
    --int                 value is decimal number
    --bool-or-int         value is --bool or --int
    --bool-or-str         value is --bool or string
    --path                value is a path (file or directory name)
    --expiry-date         value is an expiry date

Other
    -z, --null            terminate values with NUL byte
    --name-only           show variable names only
    --includes            respect include directives on lookup
    --show-origin         show origin of config (file, standard input, blob, command line)
    --show-scope          show scope of config (worktree, local, global, system, command)
    --default <value>     with --get, use default value when missing entry

[?2004h]0;keshavgarg@TIGER01532: ~[01;32mkeshavgarg@TIGER01532[00m:[01;34m~[00m$ git config -g[K[K-g[K-get-
--get-all         --get-color       --get-colorbool   --get-regexp      --get-urlmatch    
]0;keshavgarg@TIGER01532: ~[01;32mkeshavgarg@TIGER01532[00m:[01;34m~[00m$ git config --get-all [K
[?2004l[?1h=error: wrong number of arguments, should be from 1 to 2[m
usage: git config [<options>][m
[m
Config file location[m
    --global              use global config file[m
    --system              use system config file[m
    --local               use repository config file[m
    --worktree            use per-worktree config file[m
    -f, --file <file>     use given config file[m
    --blob <blob-id>      read config from given blob object[m
[m
Action[m
    --get                 get value: name [value-pattern][m
    --get-all             get all values: key [value-pattern][m
    --get-regexp          get values for regexp: name-regex [value-pattern][m
    --get-urlmatch        get value specific for the URL: section[.var] URL[m
    --replace-all         replace all matching variables: name value [value-pattern][m
    --add                 add a new variable: name value[m
    --unset               remove a variable: name [value-pattern][m
    --unset-all           remove all matches: name [value-pattern][m
    --rename-section      rename section: old-name new-name[m
    --remove-section      remove a section: name[m
    -l, --list            list all[m
    --fixed-value         use string equality when comparing values to 'value-pattern'[m
    -e, --edit            open an editor[m
    --get-color           find the color configured: slot [default][m
    --get-colorbool       find the color setting: slot [stdout-is-tty][m
[m
Type[m
    -t, --type <>         value is given this type[m
    --bool                value is "true" or "false"[m
    --int                 value is decimal number[m
    --bool-or-int         value is --bool or --int[m
    --bool-or-str         value is --bool or string[m
    --path                value is a path (file or directory name)[m
    --expiry-date         value is an expiry date[m
[m
Other[m
    -z, --null            terminate values with NUL byte[m
    --name-only           show variable names only[m
    --includes            respect include directives on lookup[m
    --show-origin         show origin of config (file, standard input, blob, command line)[m
:[K[K[?1l>[?2004h]0;keshavgarg@TIGER01532: ~[01;32mkeshavgarg@TIGER01532[00m:[01;34m~[00m$ git config -l
[?2004l[?1h=[K[?1l>[?2004h]0;keshavgarg@TIGER01532: ~[01;32mkeshavgarg@TIGER01532[00m:[01;34m~[00m$ hiy [K[K[K[Kgit [K[K[K[Kgit cof[Knfig help
[?2004lerror: key does not contain a section: help
[?2004h]0;keshavgarg@TIGER01532: ~[01;32mkeshavgarg@TIGER01532[00m:[01;34m~[00m$ git config help-help
[?2004lusage: git config [<options>]

Config file location
    --global              use global config file
    --system              use system config file
    --local               use repository config file
    --worktree            use per-worktree config file
    -f, --file <file>     use given config file
    --blob <blob-id>      read config from given blob object

Action
    --get                 get value: name [value-pattern]
    --get-all             get all values: key [value-pattern]
    --get-regexp          get values for regexp: name-regex [value-pattern]
    --get-urlmatch        get value specific for the URL: section[.var] URL
    --replace-all         replace all matching variables: name value [value-pattern]
    --add                 add a new variable: name value
    --unset               remove a variable: name [value-pattern]
    --unset-all           remove all matches: name [value-pattern]
    --rename-section      rename section: old-name new-name
    --remove-section      remove a section: name
    -l, --list            list all
    --fixed-value         use string equality when comparing values to 'value-pattern'
    -e, --edit            open an editor
    --get-color           find the color configured: slot [default]
    --get-colorbool       find the color setting: slot [stdout-is-tty]

Type
    -t, --type <>         value is given this type
    --bool                value is "true" or "false"
    --int                 value is decimal number
    --bool-or-int         value is --bool or --int
    --bool-or-str         value is --bool or string
    --path                value is a path (file or directory name)
    --expiry-date         value is an expiry date

Other
    -z, --null            terminate values with NUL byte
    --name-only           show variable names only
    --includes            respect include directives on lookup
    --show-origin         show origin of config (file, standard input, blob, command line)
    --show-scope          show scope of config (worktree, local, global, system, command)
    --default <value>     with --get, use default value when missing entry

[?2004h]0;keshavgarg@TIGER01532: ~[01;32mkeshavgarg@TIGER01532[00m:[01;34m~[00m$ cd TAMLEP-Assignment-1/
[?2004l[?2004h]0;keshavgarg@TIGER01532: ~/TAMLEP-Assignment-1[01;32mkeshavgarg@TIGER01532[00m:[01;34m~/TAMLEP-Assignment-1[00m$ git status
[?2004lOn branch main
Your branch is up to date with 'origin/main'.

Untracked files:
  (use "git add <file>..." to include in what will be committed)
	[31massignment-1-1/[m

nothing added to commit but untracked files present (use "git add" to track)
[?2004h]0;keshavgarg@TIGER01532: ~/TAMLEP-Assignment-1[01;32mkeshavgarg@TIGER01532[00m:[01;34m~/TAMLEP-Assignment-1[00m$ git add .
[?2004l[?2004h]0;keshavgarg@TIGER01532: ~/TAMLEP-Assignment-1[01;32mkeshavgarg@TIGER01532[00m:[01;34m~/TAMLEP-Assignment-1[00m$ git add .status
[?2004lOn branch main
Your branch is up to date with 'origin/main'.

Changes to be committed:
  (use "git restore --staged <file>..." to unstage)
	[32mnew file:   assignment-1-1/draft_renamed2.txt[m
	[32mnew file:   assignment-1-1/my_git_session[m
	[32mnew file:   assignment-1-1/my_unix_session[m
	[32mnew file:   assignment-1-1/test_mkdir_command/draft_renamed2.txt[m

[?2004h]0;keshavgarg@TIGER01532: ~/TAMLEP-Assignment-1[01;32mkeshavgarg@TIGER01532[00m:[01;34m~/TAMLEP-Assignment-1[00m$ git commit -m "firt[Kst commit"
[?2004lAuthor identity unknown

*** Please 